[Fri Oct 11 07:35:01.772881 2019] [wsgi:warn] [pid 26641:tid 140555675871104] mod_wsgi: Compiled for Python/2.7.11.
[Fri Oct 11 07:35:01.772919 2019] [wsgi:warn] [pid 26641:tid 140555675871104] mod_wsgi: Runtime using Python/2.7.12.
[Fri Oct 11 07:35:01.773849 2019] [mpm_event:notice] [pid 26641:tid 140555675871104] AH00489: Apache/2.4.18 (Ubuntu) OpenSSL/1.0.2g mod_wsgi/4.3.0 Python/2.7.12 configured -- resuming normal operations
[Fri Oct 11 07:35:01.773879 2019] [core:notice] [pid 26641:tid 140555675871104] AH00094: Command line: '/usr/sbin/apache2'
[Fri Oct 11 10:38:22.702848 2019] [wsgi:error] [pid 30633:tid 140555492067072] /usr/local/lib/python2.7/dist-packages/django/db/backends/mysql/base.py:101: Warning: (1364L, u"Field 'main_server_ip' doesn't have a default value")
[Fri Oct 11 10:38:22.702876 2019] [wsgi:error] [pid 30633:tid 140555492067072]   return self.cursor.execute(query, args)
[Fri Oct 11 10:38:23.608385 2019] [wsgi:error] [pid 30633:tid 140555132147456] /usr/lib/python2.7/dist-packages/Crypto/Cipher/blockalgo.py:141: FutureWarning: CTR mode needs counter parameter, not IV
[Fri Oct 11 10:38:23.608438 2019] [wsgi:error] [pid 30633:tid 140555132147456]   self._cipher = factory.new(key, *args, **kwargs)
[Fri Oct 11 10:38:24.436499 2019] [wsgi:error] [pid 30633:tid 140555492067072] La carpeta /var/lib/jderobot/Academy-Farm/users/Miguelon/ ya existe en la maquina f-l3209-pc10.kibotics.org
[Fri Oct 11 10:38:25.115725 2019] [wsgi:error] [pid 30633:tid 140555492067072] La carpeta /var/lib/jderobot/Academy-Farm/users/Miguelon/introduccion_python/ ya existe en la maquina f-l3209-pc10.kibotics.org
[Fri Oct 11 10:38:34.410401 2019] [wsgi:error] [pid 30633:tid 140555492067072] 11.7191560268
[Fri Oct 11 10:52:13.760980 2019] [wsgi:error] [pid 30633:tid 140555374569216] La carpeta /var/lib/jderobot/Academy-Farm/users/Carolinaana03/ ya existe en la maquina f-l3209-pc10.kibotics.org
[Fri Oct 11 10:52:14.444776 2019] [wsgi:error] [pid 30633:tid 140555374569216] La carpeta /var/lib/jderobot/Academy-Farm/users/Carolinaana03/introduccion_python/ ya existe en la maquina f-l3209-pc10.kibotics.org
[Fri Oct 11 10:52:15.137452 2019] [wsgi:error] [pid 30633:tid 140555374569216] [Errno 13] Permission denied
[Fri Oct 11 10:52:15.137489 2019] [wsgi:error] [pid 30633:tid 140555374569216] Error ==> Se ha producido un error en la conexion via ssh con la maquina 212.128.255.74 para copiar los archivos de la practica
[NbConvertApp] Converting notebook /var/www/kibotics/jderobot_server/users/Carolinaana03/introduccion_python/introduccion_python.ipynb to notebook
[NbConvertApp] Converting notebook /var/www/kibotics/jderobot_server/users/Carolinaana03/introduccion_python/Untitled.ipynb to notebook
[NbConvertApp] Converting notebook /var/www/kibotics/jderobot_server/users/Carolinaana03/introduccion_python/Untitled1.ipynb to notebook
[NbConvertApp] Writing 2227 bytes to /var/www/kibotics/jderobot_server/users/Carolinaana03/introduccion_python/Untitled.ipynb
[NbConvertApp] Writing 2620 bytes to /var/www/kibotics/jderobot_server/users/Carolinaana03/introduccion_python/Untitled1.ipynb
[NbConvertApp] Writing 24986 bytes to /var/www/kibotics/jderobot_server/users/Carolinaana03/introduccion_python/introduccion_python.ipynb
[Fri Oct 11 10:53:00.928608 2019] [wsgi:error] [pid 30633:tid 140555123754752] {'content': ContentFile(path="users/Carolinaana03/introduccion_python/Untitled.ipynb"), 'commit': Commit(sha="d7a6785d9357db2df6e68de15a6176b3ecbacc42")}
[Fri Oct 11 10:53:00.928636 2019] [wsgi:error] [pid 30633:tid 140555123754752] \x1b[94m Archivo /users/Carolinaana03/introduccion_python/Untitled.ipynb actualizado en GitHub\x1b[0m
[Fri Oct 11 10:53:02.303479 2019] [wsgi:error] [pid 30633:tid 140555115099904] {'content': ContentFile(path="users/Carolinaana03/introduccion_python/Untitled1.ipynb"), 'commit': Commit(sha="70907bd22257ab6f767d00d9793b70b708e209b3")}
[Fri Oct 11 10:53:02.303512 2019] [wsgi:error] [pid 30633:tid 140555115099904] \x1b[94m Archivo /users/Carolinaana03/introduccion_python/Untitled1.ipynb actualizado en GitHub\x1b[0m
[Fri Oct 11 10:53:03.905488 2019] [wsgi:error] [pid 30633:tid 140555132147456] {'content': ContentFile(path="users/Carolinaana03/introduccion_python/introduccion_python.ipynb"), 'commit': Commit(sha="eb7bda1643261febe8fa947872ddcbca307d14bd")}
[Fri Oct 11 10:53:03.905523 2019] [wsgi:error] [pid 30633:tid 140555132147456] \x1b[94m Archivo /users/Carolinaana03/introduccion_python/introduccion_python.ipynb actualizado en GitHub\x1b[0m
[Fri Oct 11 10:53:03.905667 2019] [wsgi:error] [pid 30633:tid 140555382961920] [Errno 2] No such file or directory: '/var/www/kibotics/jderobot_server/users/Carolinaana03/introduccion_python/'
[Fri Oct 11 10:53:03.905690 2019] [wsgi:error] [pid 30633:tid 140555382961920] \x1b[93m No se ha encontrado la carpeta /var/www/kibotics/jderobot_server/users/Carolinaana03/introduccion_python/\x1b[0m
[Fri Oct 11 10:53:11.385790 2019] [wsgi:error] [pid 30633:tid 140555399747328] La carpeta /var/lib/jderobot/Academy-Farm/users/Carolinaana03/ ya existe en la maquina f-l3209-pc10.kibotics.org
[Fri Oct 11 10:53:12.116659 2019] [wsgi:error] [pid 30633:tid 140555399747328] La carpeta /var/lib/jderobot/Academy-Farm/users/Carolinaana03/introduccion_python/ ya existe en la maquina f-l3209-pc10.kibotics.org
[Fri Oct 11 10:53:12.807475 2019] [wsgi:error] [pid 30633:tid 140555399747328] [Errno 13] Permission denied
[Fri Oct 11 10:53:12.807496 2019] [wsgi:error] [pid 30633:tid 140555399747328] Error ==> Se ha producido un error en la conexion via ssh con la maquina 212.128.255.74 para copiar los archivos de la practica
[Fri Oct 11 10:54:15.615080 2019] [wsgi:error] [pid 30633:tid 140555399747328] La carpeta /var/lib/jderobot/Academy-Farm/users/manuja03/ ya existe en la maquina f-l3209-pc10.kibotics.org
[Fri Oct 11 10:54:16.200477 2019] [wsgi:error] [pid 30633:tid 140555399747328] La carpeta /var/lib/jderobot/Academy-Farm/users/manuja03/introduccion_python/ ya existe en la maquina f-l3209-pc10.kibotics.org
[Fri Oct 11 10:54:16.893243 2019] [wsgi:error] [pid 30633:tid 140555399747328] [Errno 13] Permission denied
[Fri Oct 11 10:54:16.893265 2019] [wsgi:error] [pid 30633:tid 140555399747328] Error ==> Se ha producido un error en la conexion via ssh con la maquina 212.128.255.74 para copiar los archivos de la practica
[Fri Oct 11 10:55:09.899249 2019] [wsgi:error] [pid 30633:tid 140555391354624] La carpeta /var/lib/jderobot/Academy-Farm/users/albertoymanu/ ya existe en la maquina f-l3209-pc10.kibotics.org
[Fri Oct 11 10:55:10.595418 2019] [wsgi:error] [pid 30633:tid 140555391354624] La carpeta /var/lib/jderobot/Academy-Farm/users/albertoymanu/introduccion_python/ ya existe en la maquina f-l3209-pc10.kibotics.org
[Fri Oct 11 10:55:11.187882 2019] [wsgi:error] [pid 30633:tid 140555391354624] [Errno 13] Permission denied
[Fri Oct 11 10:55:11.187924 2019] [wsgi:error] [pid 30633:tid 140555391354624] Error ==> Se ha producido un error en la conexion via ssh con la maquina 212.128.255.74 para copiar los archivos de la practica
[Fri Oct 11 10:56:10.033659 2019] [wsgi:error] [pid 30633:tid 140555382961920] La carpeta /var/lib/jderobot/Academy-Farm/users/Carolinaana03/ ya existe en la maquina f-l3209-pc10.kibotics.org
[Fri Oct 11 10:56:10.709885 2019] [wsgi:error] [pid 30633:tid 140555382961920] La carpeta /var/lib/jderobot/Academy-Farm/users/Carolinaana03/introduccion_python/ ya existe en la maquina f-l3209-pc10.kibotics.org
[Fri Oct 11 10:56:11.407816 2019] [wsgi:error] [pid 30633:tid 140555382961920] [Errno 13] Permission denied
[Fri Oct 11 10:56:11.407841 2019] [wsgi:error] [pid 30633:tid 140555382961920] Error ==> Se ha producido un error en la conexion via ssh con la maquina 212.128.255.74 para copiar los archivos de la practica
[Fri Oct 11 10:57:43.092129 2019] [wsgi:error] [pid 30633:tid 140555382961920] La carpeta /var/lib/jderobot/Academy-Farm/users/paulajulia/ ya existe en la maquina f-l3209-pc10.kibotics.org
[Fri Oct 11 10:57:43.794321 2019] [wsgi:error] [pid 30633:tid 140555382961920] La carpeta /var/lib/jderobot/Academy-Farm/users/paulajulia/introduccion_python/ ya existe en la maquina f-l3209-pc10.kibotics.org
[Fri Oct 11 10:57:44.501583 2019] [wsgi:error] [pid 30633:tid 140555382961920] [Errno 13] Permission denied
[Fri Oct 11 10:57:44.501612 2019] [wsgi:error] [pid 30633:tid 140555382961920] Error ==> Se ha producido un error en la conexion via ssh con la maquina 212.128.255.74 para copiar los archivos de la practica
[Fri Oct 11 10:58:48.370548 2019] [wsgi:error] [pid 30633:tid 140555382961920] La carpeta /var/lib/jderobot/Academy-Farm/users/Miguelon/ ya existe en la maquina f-l3209-pc10.kibotics.org
[Fri Oct 11 10:58:49.066344 2019] [wsgi:error] [pid 30633:tid 140555382961920] La carpeta /var/lib/jderobot/Academy-Farm/users/Miguelon/introduccion_python/ ya existe en la maquina f-l3209-pc10.kibotics.org
[Fri Oct 11 10:58:57.487713 2019] [wsgi:error] [pid 30633:tid 140555382961920] 10.6880159378
[Fri Oct 11 10:59:11.719735 2019] [wsgi:error] [pid 30633:tid 140555391354624] La carpeta /var/lib/jderobot/Academy-Farm/users/Vitijuna69/ ya existe en la maquina f-l3209-pc10.kibotics.org
[Fri Oct 11 10:59:12.428747 2019] [wsgi:error] [pid 30633:tid 140555391354624] La carpeta /var/lib/jderobot/Academy-Farm/users/Vitijuna69/introduccion_python/ ya existe en la maquina f-l3209-pc10.kibotics.org
[Fri Oct 11 10:59:13.119363 2019] [wsgi:error] [pid 30633:tid 140555391354624] [Errno 13] Permission denied
[Fri Oct 11 10:59:13.119393 2019] [wsgi:error] [pid 30633:tid 140555391354624] Error ==> Se ha producido un error en la conexion via ssh con la maquina 212.128.255.74 para copiar los archivos de la practica
[Fri Oct 11 10:59:48.925435 2019] [wsgi:error] [pid 30633:tid 140555391354624] La carpeta /var/lib/jderobot/Academy-Farm/users/Pabloyparra/ ya existe en la maquina f-l3209-pc10.kibotics.org
[Fri Oct 11 10:59:49.603231 2019] [wsgi:error] [pid 30633:tid 140555391354624] La carpeta /var/lib/jderobot/Academy-Farm/users/Pabloyparra/introduccion_python/ ya existe en la maquina f-l3209-pc10.kibotics.org
[Fri Oct 11 10:59:50.342161 2019] [wsgi:error] [pid 30633:tid 140555391354624] [Errno 13] Permission denied
[Fri Oct 11 10:59:50.342227 2019] [wsgi:error] [pid 30633:tid 140555391354624] Error ==> Se ha producido un error en la conexion via ssh con la maquina 212.128.255.74 para copiar los archivos de la practica
[NbConvertApp] Converting notebook /var/www/kibotics/jderobot_server/users/Vitijuna69/introduccion_python/Untitled.ipynb to notebook
[NbConvertApp] Converting notebook /var/www/kibotics/jderobot_server/users/Vitijuna69/introduccion_python/introduccion_python.ipynb to notebook
[NbConvertApp] Writing 837 bytes to /var/www/kibotics/jderobot_server/users/Vitijuna69/introduccion_python/Untitled.ipynb
[NbConvertApp] Writing 24986 bytes to /var/www/kibotics/jderobot_server/users/Vitijuna69/introduccion_python/introduccion_python.ipynb
[Fri Oct 11 11:00:19.293936 2019] [wsgi:error] [pid 30633:tid 140555132147456] {'content': ContentFile(path="users/Vitijuna69/introduccion_python/Untitled.ipynb"), 'commit': Commit(sha="b4abc83f68353e4b3c097ef0a2837b91bc8614e8")}
[Fri Oct 11 11:00:19.293966 2019] [wsgi:error] [pid 30633:tid 140555132147456] \x1b[94m Archivo /users/Vitijuna69/introduccion_python/Untitled.ipynb actualizado en GitHub\x1b[0m
[Fri Oct 11 11:00:21.299758 2019] [wsgi:error] [pid 30633:tid 140555115099904] {'content': ContentFile(path="users/Vitijuna69/introduccion_python/introduccion_python.ipynb"), 'commit': Commit(sha="3ea29f77d2f754f78a7e899fdf0f7e66374caa64")}
[Fri Oct 11 11:00:21.299783 2019] [wsgi:error] [pid 30633:tid 140555115099904] \x1b[94m Archivo /users/Vitijuna69/introduccion_python/introduccion_python.ipynb actualizado en GitHub\x1b[0m
[Fri Oct 11 11:01:37.322336 2019] [wsgi:error] [pid 30633:tid 140555391354624] La carpeta /var/lib/jderobot/Academy-Farm/users/amartinoc/ ya existe en la maquina f-l3209-pc10.kibotics.org
[Fri Oct 11 11:01:38.042010 2019] [wsgi:error] [pid 30633:tid 140555391354624] La carpeta /var/lib/jderobot/Academy-Farm/users/amartinoc/introduccion_python/ ya existe en la maquina f-l3209-pc10.kibotics.org
[Fri Oct 11 11:01:39.001015 2019] [wsgi:error] [pid 30633:tid 140555391354624] [Errno 13] Permission denied
[Fri Oct 11 11:01:39.001039 2019] [wsgi:error] [pid 30633:tid 140555391354624] Error ==> Se ha producido un error en la conexion via ssh con la maquina 212.128.255.74 para copiar los archivos de la practica
[Fri Oct 11 11:03:05.943827 2019] [wsgi:error] [pid 30633:tid 140555382961920] La carpeta /var/lib/jderobot/Academy-Farm/users/carriers/ ya existe en la maquina f-l3209-pc10.kibotics.org
[Fri Oct 11 11:03:06.632682 2019] [wsgi:error] [pid 30633:tid 140555382961920] La carpeta /var/lib/jderobot/Academy-Farm/users/carriers/introduccion_python/ ya existe en la maquina f-l3209-pc10.kibotics.org
[Fri Oct 11 11:03:07.202934 2019] [wsgi:error] [pid 30633:tid 140555382961920] [Errno 13] Permission denied
[Fri Oct 11 11:03:07.203020 2019] [wsgi:error] [pid 30633:tid 140555382961920] Error ==> Se ha producido un error en la conexion via ssh con la maquina 212.128.255.74 para copiar los archivos de la practica
[Fri Oct 11 11:21:30.751577 2019] [wsgi:error] [pid 30633:tid 140555399747328] La carpeta /var/lib/jderobot/Academy-Farm/users/donperfecto/ ya existe en la maquina f-l3209-pc10.kibotics.org
[Fri Oct 11 11:21:31.464648 2019] [wsgi:error] [pid 30633:tid 140555399747328] La carpeta /var/lib/jderobot/Academy-Farm/users/donperfecto/introduccion_python/ ya existe en la maquina f-l3209-pc10.kibotics.org
[Fri Oct 11 11:21:39.906578 2019] [wsgi:error] [pid 30633:tid 140555399747328] 10.7122979164
[Fri Oct 11 11:50:47.848678 2019] [wsgi:error] [pid 30633:tid 140555399747328] 404 {u'documentation_url': u'https://developer.github.com/v3/repos/contents/#get-contents', u'message': u'Not Found'}
[Fri Oct 11 11:50:47.848707 2019] [wsgi:error] [pid 30633:tid 140555399747328] \x1b[93m No existen archivos de la practica sigue_linea_f1 del usuario cawadall en el repositorio. Copiando archivos por defecto.\x1b[0m
[Fri Oct 11 11:50:58.635735 2019] [wsgi:error] [pid 30633:tid 140555399747328] 11.1279459
[Fri Oct 11 11:54:56.185527 2019] [wsgi:error] [pid 30633:tid 140555399747328] 404 {u'documentation_url': u'https://developer.github.com/v3/repos/contents/#get-contents', u'message': u'Not Found'}
[Fri Oct 11 11:54:56.185564 2019] [wsgi:error] [pid 30633:tid 140555399747328] \x1b[93m No existen archivos de la practica introduccion_python del usuario Bugsitos en el repositorio. Copiando archivos por defecto.\x1b[0m
[Fri Oct 11 11:55:06.090987 2019] [wsgi:error] [pid 30633:tid 140555399747328] 10.4968278408
[Fri Oct 11 12:05:30.118291 2019] [wsgi:error] [pid 30633:tid 140555391354624] La carpeta /var/lib/jderobot/Academy-Farm/users/cawadall/ ya existe en la maquina f-l3209-pc10.kibotics.org
[Fri Oct 11 12:05:30.828381 2019] [wsgi:error] [pid 30633:tid 140555391354624] La carpeta /var/lib/jderobot/Academy-Farm/users/cawadall/introduccion_python/ ya existe en la maquina f-l3209-pc10.kibotics.org
[Fri Oct 11 12:05:38.909746 2019] [wsgi:error] [pid 30633:tid 140555391354624] 10.439027071
[Fri Oct 11 12:10:58.899629 2019] [wsgi:error] [pid 30633:tid 140555391354624] La carpeta /var/lib/jderobot/Academy-Farm/users/cawadall/ ya existe en la maquina f-l3209-pc10.kibotics.org
[Fri Oct 11 12:10:59.567932 2019] [wsgi:error] [pid 30633:tid 140555391354624] La carpeta /var/lib/jderobot/Academy-Farm/users/cawadall/introduccion_python/ ya existe en la maquina f-l3209-pc10.kibotics.org
[Fri Oct 11 12:11:07.617125 2019] [wsgi:error] [pid 30633:tid 140555391354624] 10.2814669609
[Fri Oct 11 12:13:04.449917 2019] [wsgi:error] [pid 30633:tid 140555399747328] La carpeta /var/lib/jderobot/Academy-Farm/users/cawadall/ ya existe en la maquina f-l3209-pc10.kibotics.org
[Fri Oct 11 12:13:05.151260 2019] [wsgi:error] [pid 30633:tid 140555399747328] La carpeta /var/lib/jderobot/Academy-Farm/users/cawadall/introduccion_python/ ya existe en la maquina f-l3209-pc10.kibotics.org
[Fri Oct 11 12:13:11.212302 2019] [wsgi:error] [pid 30633:tid 140555399747328] 8.39544510841
[Fri Oct 11 12:13:32.951899 2019] [wsgi:error] [pid 30633:tid 140555391354624] La carpeta /var/lib/jderobot/Academy-Farm/users/admin/ ya existe en la maquina f-l3209-pc10.kibotics.org
[Fri Oct 11 12:13:33.657776 2019] [wsgi:error] [pid 30633:tid 140555391354624] La carpeta /var/lib/jderobot/Academy-Farm/users/admin/introduccion_python/ ya existe en la maquina f-l3209-pc10.kibotics.org
[Fri Oct 11 12:13:42.010790 2019] [wsgi:error] [pid 30633:tid 140555391354624] 10.6881501675
[NbConvertApp] Converting notebook /var/www/kibotics/jderobot_server/users/cawadall/introduccion_python/introduccion_python.ipynb to notebook
[NbConvertApp] Writing 24984 bytes to /var/www/kibotics/jderobot_server/users/cawadall/introduccion_python/introduccion_python.ipynb
[Fri Oct 11 12:14:35.126112 2019] [wsgi:error] [pid 30633:tid 140555115099904] {'content': ContentFile(path="users/cawadall/introduccion_python/introduccion_python.ipynb"), 'commit': Commit(sha="8281864cf64fdffa47e0ace761e4d624432ab6e6")}
[Fri Oct 11 12:14:35.126138 2019] [wsgi:error] [pid 30633:tid 140555115099904] \x1b[94m Archivo /users/cawadall/introduccion_python/introduccion_python.ipynb actualizado en GitHub\x1b[0m
[Fri Oct 11 12:16:20.718397 2019] [wsgi:error] [pid 30633:tid 140555399747328] La carpeta /var/lib/jderobot/Academy-Farm/users/Bugsitos/ ya existe en la maquina f-l3209-pc10.kibotics.org
[Fri Oct 11 12:16:21.443202 2019] [wsgi:error] [pid 30633:tid 140555399747328] La carpeta /var/lib/jderobot/Academy-Farm/users/Bugsitos/introduccion_python/ ya existe en la maquina f-l3209-pc10.kibotics.org
[Fri Oct 11 12:16:29.695710 2019] [wsgi:error] [pid 30633:tid 140555399747328] 10.6199140549
[NbConvertApp] Converting notebook /var/www/kibotics/jderobot_server/users/Bugsitos/introduccion_python/introduccion_python.ipynb to notebook
[NbConvertApp] Writing 24986 bytes to /var/www/kibotics/jderobot_server/users/Bugsitos/introduccion_python/introduccion_python.ipynb
[Fri Oct 11 12:17:08.813064 2019] [wsgi:error] [pid 30633:tid 140555115099904] {'content': ContentFile(path="users/Bugsitos/introduccion_python/introduccion_python.ipynb"), 'commit': Commit(sha="60d9ee7348e41333a6c81159e48d99bb9a91e402")}
[Fri Oct 11 12:17:08.813090 2019] [wsgi:error] [pid 30633:tid 140555115099904] \x1b[94m Archivo /users/Bugsitos/introduccion_python/introduccion_python.ipynb actualizado en GitHub\x1b[0m
[Fri Oct 11 12:32:33.272457 2019] [wsgi:error] [pid 30633:tid 140555382961920] La carpeta /var/lib/jderobot/Academy-Farm/users/amartinoc/ ya existe en la maquina f-l3209-pc10.kibotics.org
[Fri Oct 11 12:32:33.951457 2019] [wsgi:error] [pid 30633:tid 140555382961920] La carpeta /var/lib/jderobot/Academy-Farm/users/amartinoc/introduccion_python/ ya existe en la maquina f-l3209-pc10.kibotics.org
[Fri Oct 11 12:32:34.943579 2019] [wsgi:error] [pid 30633:tid 140555382961920] [Errno 13] Permission denied
[Fri Oct 11 12:32:34.943636 2019] [wsgi:error] [pid 30633:tid 140555382961920] Error ==> Se ha producido un error en la conexion via ssh con la maquina 212.128.255.74 para copiar los archivos de la practica
[Fri Oct 11 12:53:32.257348 2019] [wsgi:error] [pid 30633:tid 140555374569216] La carpeta /var/lib/jderobot/Academy-Farm/users/amartinoc/ ya existe en la maquina f-l3209-pc10.kibotics.org
[Fri Oct 11 12:53:32.931288 2019] [wsgi:error] [pid 30633:tid 140555374569216] La carpeta /var/lib/jderobot/Academy-Farm/users/amartinoc/introduccion_python/ ya existe en la maquina f-l3209-pc10.kibotics.org
[Fri Oct 11 12:53:33.940935 2019] [wsgi:error] [pid 30633:tid 140555374569216] [Errno 13] Permission denied
[Fri Oct 11 12:53:33.940963 2019] [wsgi:error] [pid 30633:tid 140555374569216] Error ==> Se ha producido un error en la conexion via ssh con la maquina 212.128.255.74 para copiar los archivos de la practica
[NbConvertApp] Converting notebook /var/www/kibotics/jderobot_server/users/amartinoc/introduccion_python/kibotics_python.ipynb to notebook
[NbConvertApp] Converting notebook /var/www/kibotics/jderobot_server/users/amartinoc/introduccion_python/introduccion_python.ipynb to notebook
[NbConvertApp] Converting notebook /var/www/kibotics/jderobot_server/users/amartinoc/introduccion_python/Untitled.ipynb to notebook
[NbConvertApp] Converting notebook /var/www/kibotics/jderobot_server/users/amartinoc/introduccion_python/Untitled2.ipynb to notebook
[NbConvertApp] Converting notebook /var/www/kibotics/jderobot_server/users/amartinoc/introduccion_python/Untitled1.ipynb to notebook
[NbConvertApp] Writing 704 bytes to /var/www/kibotics/jderobot_server/users/amartinoc/introduccion_python/Untitled.ipynb
[NbConvertApp] Writing 759 bytes to /var/www/kibotics/jderobot_server/users/amartinoc/introduccion_python/Untitled2.ipynb
[NbConvertApp] Writing 883 bytes to /var/www/kibotics/jderobot_server/users/amartinoc/introduccion_python/Untitled1.ipynb
[NbConvertApp] Writing 30771 bytes to /var/www/kibotics/jderobot_server/users/amartinoc/introduccion_python/introduccion_python.ipynb
[NbConvertApp] Writing 30753 bytes to /var/www/kibotics/jderobot_server/users/amartinoc/introduccion_python/kibotics_python.ipynb
[Fri Oct 11 12:55:57.645328 2019] [wsgi:error] [pid 30633:tid 140555123754752] {'content': ContentFile(path="users/amartinoc/introduccion_python/Untitled.ipynb"), 'commit': Commit(sha="89f2fb6f5c75e63a36832fbb1b59754e01bbf4b7")}
[Fri Oct 11 12:55:57.645366 2019] [wsgi:error] [pid 30633:tid 140555123754752] \x1b[94m Archivo /users/amartinoc/introduccion_python/Untitled.ipynb actualizado en GitHub\x1b[0m
[Fri Oct 11 12:55:58.954437 2019] [wsgi:error] [pid 30633:tid 140555106182912] {'content': ContentFile(path="users/amartinoc/introduccion_python/Untitled2.ipynb"), 'commit': Commit(sha="2d6a470e3880f5051067b4cf304a319656fec1fa")}
[Fri Oct 11 12:55:58.954464 2019] [wsgi:error] [pid 30633:tid 140555106182912] \x1b[94m Archivo /users/amartinoc/introduccion_python/Untitled2.ipynb actualizado en GitHub\x1b[0m
[NbConvertApp] Converting notebook /var/www/kibotics/jderobot_server/users/amartinoc/introduccion_python/Untitled.ipynb to notebook
[NbConvertApp] Converting notebook /var/www/kibotics/jderobot_server/users/amartinoc/introduccion_python/introduccion_python.ipynb to notebook
[NbConvertApp] Converting notebook /var/www/kibotics/jderobot_server/users/amartinoc/introduccion_python/kibotics_python.ipynb to notebook
[NbConvertApp] Converting notebook /var/www/kibotics/jderobot_server/users/amartinoc/introduccion_python/Untitled2.ipynb to notebook
[NbConvertApp] Writing 704 bytes to /var/www/kibotics/jderobot_server/users/amartinoc/introduccion_python/Untitled.ipynb
[NbConvertApp] Converting notebook /var/www/kibotics/jderobot_server/users/amartinoc/introduccion_python/Untitled1.ipynb to notebook
[NbConvertApp] Writing 759 bytes to /var/www/kibotics/jderobot_server/users/amartinoc/introduccion_python/Untitled2.ipynb
[NbConvertApp] Writing 883 bytes to /var/www/kibotics/jderobot_server/users/amartinoc/introduccion_python/Untitled1.ipynb
[NbConvertApp] Writing 30753 bytes to /var/www/kibotics/jderobot_server/users/amartinoc/introduccion_python/kibotics_python.ipynb
[NbConvertApp] Writing 30771 bytes to /var/www/kibotics/jderobot_server/users/amartinoc/introduccion_python/introduccion_python.ipynb
[Fri Oct 11 12:56:00.171844 2019] [wsgi:error] [pid 30633:tid 140554616698624] {'content': ContentFile(path="users/amartinoc/introduccion_python/Untitled1.ipynb"), 'commit': Commit(sha="45262ab8acff663b991cd99dbeac326d6438ce6c")}
[Fri Oct 11 12:56:00.171870 2019] [wsgi:error] [pid 30633:tid 140554616698624] \x1b[94m Archivo /users/amartinoc/introduccion_python/Untitled1.ipynb actualizado en GitHub\x1b[0m
[Fri Oct 11 12:56:01.812162 2019] [wsgi:error] [pid 30633:tid 140555115099904] {'content': ContentFile(path="users/amartinoc/introduccion_python/introduccion_python.ipynb"), 'commit': Commit(sha="d493095c389dcffcfe2c244db628d09fd4e404f8")}
[Fri Oct 11 12:56:01.812248 2019] [wsgi:error] [pid 30633:tid 140555115099904] \x1b[94m Archivo /users/amartinoc/introduccion_python/introduccion_python.ipynb actualizado en GitHub\x1b[0m
[Fri Oct 11 12:56:03.810607 2019] [wsgi:error] [pid 30633:tid 140555132147456] {'content': ContentFile(path="users/amartinoc/introduccion_python/kibotics_python.ipynb"), 'commit': Commit(sha="613527058b94c95cdc3a309579403c4dcfbe60dc")}
[Fri Oct 11 12:56:03.810635 2019] [wsgi:error] [pid 30633:tid 140555132147456] \x1b[94m Archivo /users/amartinoc/introduccion_python/kibotics_python.ipynb actualizado en GitHub\x1b[0m
[Fri Oct 11 12:56:05.111119 2019] [wsgi:error] [pid 30633:tid 140555106182912] {'content': ContentFile(path="users/amartinoc/introduccion_python/Untitled.ipynb"), 'commit': Commit(sha="d05a493806e323a2192300aa923116a6e3542f09")}
[Fri Oct 11 12:56:05.111144 2019] [wsgi:error] [pid 30633:tid 140555106182912] \x1b[94m Archivo /users/amartinoc/introduccion_python/Untitled.ipynb actualizado en GitHub\x1b[0m
[Fri Oct 11 12:56:06.452217 2019] [wsgi:error] [pid 30633:tid 140554599913216] {'content': ContentFile(path="users/amartinoc/introduccion_python/Untitled2.ipynb"), 'commit': Commit(sha="b0bb9b665e33368480e4563926e16188224d5720")}
[Fri Oct 11 12:56:06.452244 2019] [wsgi:error] [pid 30633:tid 140554599913216] \x1b[94m Archivo /users/amartinoc/introduccion_python/Untitled2.ipynb actualizado en GitHub\x1b[0m
[Fri Oct 11 12:56:07.809709 2019] [wsgi:error] [pid 30633:tid 140554591520512] {'content': ContentFile(path="users/amartinoc/introduccion_python/Untitled1.ipynb"), 'commit': Commit(sha="10caf9fbb0394211a8565830830ce638820ad373")}
[Fri Oct 11 12:56:07.809733 2019] [wsgi:error] [pid 30633:tid 140554591520512] \x1b[94m Archivo /users/amartinoc/introduccion_python/Untitled1.ipynb actualizado en GitHub\x1b[0m
[Fri Oct 11 12:56:09.624684 2019] [wsgi:error] [pid 30633:tid 140554608305920] {'content': ContentFile(path="users/amartinoc/introduccion_python/kibotics_python.ipynb"), 'commit': Commit(sha="bc583c4187d89454e924e26c288a53aa6ecc73a8")}
[Fri Oct 11 12:56:09.624741 2019] [wsgi:error] [pid 30633:tid 140554608305920] \x1b[94m Archivo /users/amartinoc/introduccion_python/kibotics_python.ipynb actualizado en GitHub\x1b[0m
[Fri Oct 11 12:56:11.161756 2019] [wsgi:error] [pid 30633:tid 140555123754752] {'content': ContentFile(path="users/amartinoc/introduccion_python/introduccion_python.ipynb"), 'commit': Commit(sha="dec455a202061a1caf2e1812644555acb8435781")}
[Fri Oct 11 12:56:11.161828 2019] [wsgi:error] [pid 30633:tid 140555123754752] \x1b[94m Archivo /users/amartinoc/introduccion_python/introduccion_python.ipynb actualizado en GitHub\x1b[0m
[Fri Oct 11 12:56:11.162148 2019] [wsgi:error] [pid 30633:tid 140555382961920] [Errno 2] No such file or directory: '/var/www/kibotics/jderobot_server/users/amartinoc/introduccion_python/'
[Fri Oct 11 12:56:11.162173 2019] [wsgi:error] [pid 30633:tid 140555382961920] \x1b[93m No se ha encontrado la carpeta /var/www/kibotics/jderobot_server/users/amartinoc/introduccion_python/\x1b[0m
[Fri Oct 11 12:57:31.823998 2019] [wsgi:error] [pid 30633:tid 140555399747328] 29.8237090111
[Fri Oct 11 13:00:35.402803 2019] [wsgi:error] [pid 30633:tid 140555382961920] La carpeta /var/lib/jderobot/Academy-Farm/users/admin/ ya existe en la maquina f-l3209-pc10.kibotics.org
[Fri Oct 11 13:00:36.250564 2019] [wsgi:error] [pid 30633:tid 140555382961920] La carpeta /var/lib/jderobot/Academy-Farm/users/admin/introduccion_python/ ya existe en la maquina f-l3209-pc10.kibotics.org
[Fri Oct 11 13:00:44.791591 2019] [wsgi:error] [pid 30633:tid 140555382961920] 11.0321381092
[Fri Oct 11 13:02:05.517533 2019] [wsgi:error] [pid 30633:tid 140555399747328] La carpeta /var/lib/jderobot/Academy-Farm/users/Bugsitos/ ya existe en la maquina f-l3209-pc10.kibotics.org
[Fri Oct 11 13:02:06.191405 2019] [wsgi:error] [pid 30633:tid 140555399747328] La carpeta /var/lib/jderobot/Academy-Farm/users/Bugsitos/introduccion_python/ ya existe en la maquina f-l3209-pc10.kibotics.org
[Fri Oct 11 13:02:14.187317 2019] [wsgi:error] [pid 30633:tid 140555399747328] 10.379406929
[Fri Oct 11 13:11:08.312897 2019] [wsgi:error] [pid 30633:tid 140555399747328] La carpeta /var/lib/jderobot/Academy-Farm/users/amartinoc/ ya existe en la maquina f-l3209-pc10.kibotics.org
[Fri Oct 11 13:11:09.045144 2019] [wsgi:error] [pid 30633:tid 140555399747328] La carpeta /var/lib/jderobot/Academy-Farm/users/amartinoc/introduccion_python/ ya existe en la maquina f-l3209-pc10.kibotics.org
[Fri Oct 11 13:11:10.024566 2019] [wsgi:error] [pid 30633:tid 140555399747328] [Errno 13] Permission denied
[Fri Oct 11 13:11:10.024588 2019] [wsgi:error] [pid 30633:tid 140555399747328] Error ==> Se ha producido un error en la conexion via ssh con la maquina 212.128.255.74 para copiar los archivos de la practica
[Fri Oct 11 13:26:42.578299 2019] [wsgi:error] [pid 30633:tid 140555382961920] \x1b[93m Simulacion en Websim con usuario no registrado. Cargando plantilla de codigo por defecto /var/www/kibotics/jderobot_server/exercises/scratch/siguelinea_pibot_scratch_vision/siguelinea_pibot_scratch_vision.xml\x1b[0m
[Fri Oct 11 13:32:04.402054 2019] [wsgi:error] [pid 30633:tid 140555399747328] La carpeta /var/lib/jderobot/Academy-Farm/users/admin/ ya existe en la maquina f-l3209-pc10.kibotics.org
[Fri Oct 11 13:32:05.146531 2019] [wsgi:error] [pid 30633:tid 140555399747328] La carpeta /var/lib/jderobot/Academy-Farm/users/admin/introduccion_python/ ya existe en la maquina f-l3209-pc10.kibotics.org
[Fri Oct 11 13:32:13.496428 2019] [wsgi:error] [pid 30633:tid 140555399747328] 10.7952210903
[Fri Oct 11 13:33:46.184552 2019] [wsgi:error] [pid 30633:tid 140555399747328] La carpeta /var/lib/jderobot/Academy-Farm/users/admin/ ya existe en la maquina f-l3209-pc10.kibotics.org
[Fri Oct 11 13:33:46.853753 2019] [wsgi:error] [pid 30633:tid 140555399747328] La carpeta /var/lib/jderobot/Academy-Farm/users/admin/introduccion_python/ ya existe en la maquina f-l3209-pc10.kibotics.org
[Fri Oct 11 13:33:47.551324 2019] [wsgi:error] [pid 30633:tid 140555399747328] [Errno 13] Permission denied
[Fri Oct 11 13:33:47.551348 2019] [wsgi:error] [pid 30633:tid 140555399747328] Error ==> Se ha producido un error en la conexion via ssh con la maquina 212.128.255.74 para copiar los archivos de la practica
[NbConvertApp] Converting notebook /var/www/kibotics/jderobot_server/users/admin/introduccion_python/introduccion_python.ipynb to notebook
[NbConvertApp] Converting notebook /var/www/kibotics/jderobot_server/users/admin/introduccion_python/Untitled.ipynb to notebook
[NbConvertApp] Writing 697 bytes to /var/www/kibotics/jderobot_server/users/admin/introduccion_python/Untitled.ipynb
[NbConvertApp] Writing 24952 bytes to /var/www/kibotics/jderobot_server/users/admin/introduccion_python/introduccion_python.ipynb
[Fri Oct 11 13:39:05.516177 2019] [wsgi:error] [pid 30633:tid 140554608305920] {'content': ContentFile(path="users/admin/introduccion_python/Untitled.ipynb"), 'commit': Commit(sha="4d2c22eb5337a951dc8ec59ec758bb88095f4535")}
[Fri Oct 11 13:39:05.516209 2019] [wsgi:error] [pid 30633:tid 140554608305920] \x1b[94m Archivo /users/admin/introduccion_python/Untitled.ipynb actualizado en GitHub\x1b[0m
[Fri Oct 11 13:39:07.152194 2019] [wsgi:error] [pid 30633:tid 140555123754752] {'content': ContentFile(path="users/admin/introduccion_python/introduccion_python.ipynb"), 'commit': Commit(sha="afceec5cc1c68c6193731089196699236b128162")}
[Fri Oct 11 13:39:07.152220 2019] [wsgi:error] [pid 30633:tid 140555123754752] \x1b[94m Archivo /users/admin/introduccion_python/introduccion_python.ipynb actualizado en GitHub\x1b[0m
[Fri Oct 11 13:40:11.977373 2019] [wsgi:error] [pid 30633:tid 140555382961920] La carpeta /var/lib/jderobot/Academy-Farm/users/Bugsitos/ ya existe en la maquina f-l3209-pc10.kibotics.org
[Fri Oct 11 13:40:12.695642 2019] [wsgi:error] [pid 30633:tid 140555382961920] La carpeta /var/lib/jderobot/Academy-Farm/users/Bugsitos/introduccion_python/ ya existe en la maquina f-l3209-pc10.kibotics.org
[Fri Oct 11 13:40:21.114666 2019] [wsgi:error] [pid 30633:tid 140555382961920] 11.5820438862
[Fri Oct 11 13:44:53.622510 2019] [mpm_event:notice] [pid 26641:tid 140555675871104] AH00493: SIGUSR1 received.  Doing graceful restart
[Fri Oct 11 13:44:53.820246 2019] [wsgi:warn] [pid 26641:tid 140555675871104] mod_wsgi: Compiled for Python/2.7.11.
[Fri Oct 11 13:44:53.820256 2019] [wsgi:warn] [pid 26641:tid 140555675871104] mod_wsgi: Runtime using Python/2.7.12.
[Fri Oct 11 13:44:53.820535 2019] [mpm_event:notice] [pid 26641:tid 140555675871104] AH00489: Apache/2.4.18 (Ubuntu) OpenSSL/1.0.2g mod_wsgi/4.3.0 Python/2.7.12 configured -- resuming normal operations
[Fri Oct 11 13:44:53.820545 2019] [core:notice] [pid 26641:tid 140555675871104] AH00094: Command line: '/usr/sbin/apache2'
[Fri Oct 11 13:45:26.637311 2019] [wsgi:error] [pid 24129:tid 140555483674368] /usr/local/lib/python2.7/dist-packages/django/db/backends/mysql/base.py:101: Warning: (1364L, u"Field 'main_server_ip' doesn't have a default value")
[Fri Oct 11 13:45:26.637330 2019] [wsgi:error] [pid 24129:tid 140555483674368]   return self.cursor.execute(query, args)
[Fri Oct 11 13:45:27.477465 2019] [wsgi:error] [pid 24129:tid 140555133720320] /usr/lib/python2.7/dist-packages/Crypto/Cipher/blockalgo.py:141: FutureWarning: CTR mode needs counter parameter, not IV
[Fri Oct 11 13:45:27.477486 2019] [wsgi:error] [pid 24129:tid 140555133720320]   self._cipher = factory.new(key, *args, **kwargs)
[Fri Oct 11 13:45:28.252033 2019] [wsgi:error] [pid 24129:tid 140555483674368] La carpeta /var/lib/jderobot/Academy-Farm/users/cawadall/ ya existe en la maquina f-l3209-pc10.kibotics.org
[Fri Oct 11 13:45:28.940714 2019] [wsgi:error] [pid 24129:tid 140555483674368] La carpeta /var/lib/jderobot/Academy-Farm/users/cawadall/introduccion_python/ ya existe en la maquina f-l3209-pc10.kibotics.org
[Fri Oct 11 13:45:37.393113 2019] [wsgi:error] [pid 24129:tid 140555483674368] 10.7661848068
[Fri Oct 11 13:46:46.998843 2019] [wsgi:error] [pid 24129:tid 140555492067072] La carpeta /var/lib/jderobot/Academy-Farm/users/admin/ ya existe en la maquina f-l3209-pc10.kibotics.org
[Fri Oct 11 13:46:47.733292 2019] [wsgi:error] [pid 24129:tid 140555492067072] La carpeta /var/lib/jderobot/Academy-Farm/users/admin/introduccion_python/ ya existe en la maquina f-l3209-pc10.kibotics.org
[Fri Oct 11 13:46:48.438388 2019] [wsgi:error] [pid 24129:tid 140555492067072] [Errno 13] Permission denied
[Fri Oct 11 13:46:48.438418 2019] [wsgi:error] [pid 24129:tid 140555492067072] Error ==> Se ha producido un error en la conexion via ssh con la maquina 212.128.255.74 para copiar los archivos de la practica
[NbConvertApp] Converting notebook /var/www/kibotics/jderobot_server/users/admin/introduccion_python/Untitled.ipynb to notebook
[NbConvertApp] Converting notebook /var/www/kibotics/jderobot_server/users/admin/introduccion_python/introduccion_python.ipynb to notebook
[NbConvertApp] Writing 697 bytes to /var/www/kibotics/jderobot_server/users/admin/introduccion_python/Untitled.ipynb
[NbConvertApp] Writing 24952 bytes to /var/www/kibotics/jderobot_server/users/admin/introduccion_python/introduccion_python.ipynb
[Fri Oct 11 13:47:21.359957 2019] [wsgi:error] [pid 24129:tid 140555125327616] {'content': ContentFile(path="users/admin/introduccion_python/Untitled.ipynb"), 'commit': Commit(sha="0a1babe379a51a99fa681295ab6b6443e3fcf933")}
[Fri Oct 11 13:47:21.359986 2019] [wsgi:error] [pid 24129:tid 140555125327616] \x1b[94m Archivo /users/admin/introduccion_python/Untitled.ipynb actualizado en GitHub\x1b[0m
[Fri Oct 11 13:47:23.346083 2019] [wsgi:error] [pid 24129:tid 140555133720320] {'content': ContentFile(path="users/admin/introduccion_python/introduccion_python.ipynb"), 'commit': Commit(sha="43dd4cc456dcf0ed30b18c0cc05bad709e1046e0")}
[Fri Oct 11 13:47:23.346112 2019] [wsgi:error] [pid 24129:tid 140555133720320] \x1b[94m Archivo /users/admin/introduccion_python/introduccion_python.ipynb actualizado en GitHub\x1b[0m
[Fri Oct 11 13:47:59.505906 2019] [wsgi:error] [pid 24129:tid 140555492067072] La carpeta /var/lib/jderobot/Academy-Farm/users/cawadall/ ya existe en la maquina f-l3209-pc10.kibotics.org
[Fri Oct 11 13:48:00.197552 2019] [wsgi:error] [pid 24129:tid 140555492067072] La carpeta /var/lib/jderobot/Academy-Farm/users/cawadall/introduccion_python/ ya existe en la maquina f-l3209-pc10.kibotics.org
[Fri Oct 11 13:48:01.025563 2019] [wsgi:error] [pid 24129:tid 140555492067072] [Errno 13] Permission denied
[Fri Oct 11 13:48:01.025635 2019] [wsgi:error] [pid 24129:tid 140555492067072] Error ==> Se ha producido un error en la conexion via ssh con la maquina 212.128.255.74 para copiar los archivos de la practica
[NbConvertApp] Converting notebook /var/www/kibotics/jderobot_server/users/cawadall/introduccion_python/introduccion_python.ipynb to notebook
[NbConvertApp] Converting notebook /var/www/kibotics/jderobot_server/users/cawadall/introduccion_python/Untitled.ipynb to notebook
[NbConvertApp] Writing 697 bytes to /var/www/kibotics/jderobot_server/users/cawadall/introduccion_python/Untitled.ipynb
[NbConvertApp] Writing 24984 bytes to /var/www/kibotics/jderobot_server/users/cawadall/introduccion_python/introduccion_python.ipynb
[Fri Oct 11 13:48:30.673169 2019] [wsgi:error] [pid 24129:tid 140555125327616] {'content': ContentFile(path="users/cawadall/introduccion_python/Untitled.ipynb"), 'commit': Commit(sha="804ccfd8e7931d604286da81b65a6ecfd52d27ca")}
[Fri Oct 11 13:48:30.673209 2019] [wsgi:error] [pid 24129:tid 140555125327616] \x1b[94m Archivo /users/cawadall/introduccion_python/Untitled.ipynb actualizado en GitHub\x1b[0m
[Fri Oct 11 13:48:32.193889 2019] [wsgi:error] [pid 24129:tid 140555133720320] {'content': ContentFile(path="users/cawadall/introduccion_python/introduccion_python.ipynb"), 'commit': Commit(sha="0dfbb4a10e615264029cfc8ac53c802846246244")}
[Fri Oct 11 13:48:32.193918 2019] [wsgi:error] [pid 24129:tid 140555133720320] \x1b[94m Archivo /users/cawadall/introduccion_python/introduccion_python.ipynb actualizado en GitHub\x1b[0m
[Fri Oct 11 14:05:57.366845 2019] [wsgi:error] [pid 24129:tid 140555483674368] La carpeta /var/lib/jderobot/Academy-Farm/users/cawadall/ ya existe en la maquina f-l3209-pc10.kibotics.org
[Fri Oct 11 14:05:58.049766 2019] [wsgi:error] [pid 24129:tid 140555483674368] La carpeta /var/lib/jderobot/Academy-Farm/users/cawadall/introduccion_python/ ya existe en la maquina f-l3209-pc10.kibotics.org
[Fri Oct 11 14:06:06.215768 2019] [wsgi:error] [pid 24129:tid 140555483674368] 11.1025590897
[Fri Oct 11 14:06:28.834808 2019] [wsgi:error] [pid 24129:tid 140555483674368] La carpeta /var/lib/jderobot/Academy-Farm/users/admin/ ya existe en la maquina f-l3209-pc10.kibotics.org
[Fri Oct 11 14:06:29.502278 2019] [wsgi:error] [pid 24129:tid 140555483674368] La carpeta /var/lib/jderobot/Academy-Farm/users/admin/introduccion_python/ ya existe en la maquina f-l3209-pc10.kibotics.org
[Fri Oct 11 14:06:30.182064 2019] [wsgi:error] [pid 24129:tid 140555483674368] [Errno 13] Permission denied
[Fri Oct 11 14:06:30.182132 2019] [wsgi:error] [pid 24129:tid 140555483674368] Error ==> Se ha producido un error en la conexion via ssh con la maquina 212.128.255.74 para copiar los archivos de la practica
[NbConvertApp] Converting notebook /var/www/kibotics/jderobot_server/users/admin/introduccion_python/introduccion_python.ipynb to notebook
[NbConvertApp] Converting notebook /var/www/kibotics/jderobot_server/users/admin/introduccion_python/Untitled.ipynb to notebook
[NbConvertApp] Writing 697 bytes to /var/www/kibotics/jderobot_server/users/admin/introduccion_python/Untitled.ipynb
[NbConvertApp] Writing 24952 bytes to /var/www/kibotics/jderobot_server/users/admin/introduccion_python/introduccion_python.ipynb
[Fri Oct 11 14:06:58.203231 2019] [wsgi:error] [pid 24129:tid 140555125327616] {'content': ContentFile(path="users/admin/introduccion_python/Untitled.ipynb"), 'commit': Commit(sha="727e442662d341ee62bb7319d1bd6d98034420e4")}
[Fri Oct 11 14:06:58.203257 2019] [wsgi:error] [pid 24129:tid 140555125327616] \x1b[94m Archivo /users/admin/introduccion_python/Untitled.ipynb actualizado en GitHub\x1b[0m
[Fri Oct 11 14:06:59.699277 2019] [wsgi:error] [pid 24129:tid 140555133720320] {'content': ContentFile(path="users/admin/introduccion_python/introduccion_python.ipynb"), 'commit': Commit(sha="80748997e496325a82519498d2c9e1c5d6195152")}
[Fri Oct 11 14:06:59.699351 2019] [wsgi:error] [pid 24129:tid 140555133720320] \x1b[94m Archivo /users/admin/introduccion_python/introduccion_python.ipynb actualizado en GitHub\x1b[0m
[Fri Oct 11 14:07:39.196264 2019] [wsgi:error] [pid 24129:tid 140555483674368] La carpeta /var/lib/jderobot/Academy-Farm/users/admin/ ya existe en la maquina f-l3209-pc10.kibotics.org
[Fri Oct 11 14:07:39.868170 2019] [wsgi:error] [pid 24129:tid 140555483674368] La carpeta /var/lib/jderobot/Academy-Farm/users/admin/introduccion_python/ ya existe en la maquina f-l3209-pc10.kibotics.org
[Fri Oct 11 14:07:47.618752 2019] [wsgi:error] [pid 24129:tid 140555483674368] 10.5554730892
[Fri Oct 11 14:08:14.513513 2019] [wsgi:error] [pid 24129:tid 140555492067072] La carpeta /var/lib/jderobot/Academy-Farm/users/admin/ ya existe en la maquina f-l3209-pc10.kibotics.org
[Fri Oct 11 14:08:15.189496 2019] [wsgi:error] [pid 24129:tid 140555492067072] La carpeta /var/lib/jderobot/Academy-Farm/users/admin/introduccion_python/ ya existe en la maquina f-l3209-pc10.kibotics.org
[Fri Oct 11 14:08:15.908709 2019] [wsgi:error] [pid 24129:tid 140555492067072] [Errno 13] Permission denied
[Fri Oct 11 14:08:15.908768 2019] [wsgi:error] [pid 24129:tid 140555492067072] Error ==> Se ha producido un error en la conexion via ssh con la maquina 212.128.255.74 para copiar los archivos de la practica
[Fri Oct 11 14:09:17.197347 2019] [wsgi:error] [pid 24129:tid 140555483674368] La carpeta /var/lib/jderobot/Academy-Farm/users/admin/ ya existe en la maquina f-l3209-pc09.kibotics.org
[Fri Oct 11 14:09:29.373496 2019] [wsgi:error] [pid 24129:tid 140555483674368] 14.4200229645
[Fri Oct 11 14:30:15.350383 2019] [wsgi:error] [pid 24129:tid 140555483674368] La carpeta /var/lib/jderobot/Academy-Farm/users/cawadall/ ya existe en la maquina f-l3209-pc09.kibotics.org
[Fri Oct 11 14:30:28.374949 2019] [wsgi:error] [pid 24129:tid 140555483674368] 14.7106750011
[Fri Oct 11 14:30:51.616549 2019] [wsgi:error] [pid 24129:tid 140555492067072] La carpeta /var/lib/jderobot/Academy-Farm/users/cawadall/ ya existe en la maquina f-l3209-pc09.kibotics.org
[Fri Oct 11 14:30:52.355119 2019] [wsgi:error] [pid 24129:tid 140555492067072] La carpeta /var/lib/jderobot/Academy-Farm/users/cawadall/introduccion_python/ ya existe en la maquina f-l3209-pc09.kibotics.org
[Fri Oct 11 14:31:04.145883 2019] [wsgi:error] [pid 24129:tid 140555492067072] 14.5797441006
[Fri Oct 11 14:31:52.197040 2019] [wsgi:error] [pid 24129:tid 140555483674368] La carpeta /var/lib/jderobot/Academy-Farm/users/cawadall/ ya existe en la maquina f-l3209-pc09.kibotics.org
[Fri Oct 11 14:31:52.936049 2019] [wsgi:error] [pid 24129:tid 140555483674368] La carpeta /var/lib/jderobot/Academy-Farm/users/cawadall/introduccion_python/ ya existe en la maquina f-l3209-pc09.kibotics.org
[Fri Oct 11 14:32:03.762403 2019] [wsgi:error] [pid 24129:tid 140555483674368] 13.4141249657
[Fri Oct 11 14:42:26.499352 2019] [wsgi:error] [pid 24129:tid 140555492067072] La carpeta /var/lib/jderobot/Academy-Farm/users/cawadall/ ya existe en la maquina f-l3209-pc09.kibotics.org
[Fri Oct 11 14:42:27.239513 2019] [wsgi:error] [pid 24129:tid 140555492067072] La carpeta /var/lib/jderobot/Academy-Farm/users/cawadall/introduccion_python/ ya existe en la maquina f-l3209-pc09.kibotics.org
[Fri Oct 11 14:42:39.043123 2019] [wsgi:error] [pid 24129:tid 140555492067072] 14.8443479538
[Fri Oct 11 15:09:05.511988 2019] [wsgi:error] [pid 24129:tid 140555483674368] La carpeta /var/lib/jderobot/Academy-Farm/users/admin/ ya existe en la maquina f-l3209-pc09.kibotics.org
[Fri Oct 11 15:09:06.253261 2019] [wsgi:error] [pid 24129:tid 140555483674368] La carpeta /var/lib/jderobot/Academy-Farm/users/admin/introduccion_python/ ya existe en la maquina f-l3209-pc09.kibotics.org
[Fri Oct 11 15:09:17.454460 2019] [wsgi:error] [pid 24129:tid 140555483674368] 14.2854089737
[Fri Oct 11 15:09:42.055210 2019] [wsgi:error] [pid 24129:tid 140555483674368] La carpeta /var/lib/jderobot/Academy-Farm/users/cawadall/ ya existe en la maquina f-l3209-pc09.kibotics.org
[Fri Oct 11 15:09:42.791259 2019] [wsgi:error] [pid 24129:tid 140555483674368] La carpeta /var/lib/jderobot/Academy-Farm/users/cawadall/introduccion_python/ ya existe en la maquina f-l3209-pc09.kibotics.org
[Fri Oct 11 15:09:52.669701 2019] [wsgi:error] [pid 24129:tid 140555483674368] 12.802929163
[Fri Oct 11 15:54:25.082644 2019] [mpm_event:notice] [pid 26641:tid 140555675871104] AH00493: SIGUSR1 received.  Doing graceful restart
[Fri Oct 11 15:54:25.187458 2019] [wsgi:warn] [pid 26641:tid 140555675871104] mod_wsgi: Compiled for Python/2.7.11.
[Fri Oct 11 15:54:25.187472 2019] [wsgi:warn] [pid 26641:tid 140555675871104] mod_wsgi: Runtime using Python/2.7.12.
[Fri Oct 11 15:54:25.187981 2019] [mpm_event:notice] [pid 26641:tid 140555675871104] AH00489: Apache/2.4.18 (Ubuntu) OpenSSL/1.0.2g mod_wsgi/4.3.0 Python/2.7.12 configured -- resuming normal operations
[Fri Oct 11 15:54:25.187999 2019] [core:notice] [pid 26641:tid 140555675871104] AH00094: Command line: '/usr/sbin/apache2'
[Fri Oct 11 15:54:35.962904 2019] [wsgi:error] [pid 484:tid 140555466888960] /usr/local/lib/python2.7/dist-packages/django/db/backends/mysql/base.py:101: Warning: (1364L, u"Field 'main_server_ip' doesn't have a default value")
[Fri Oct 11 15:54:35.962924 2019] [wsgi:error] [pid 484:tid 140555466888960]   return self.cursor.execute(query, args)
[Fri Oct 11 15:54:36.683166 2019] [wsgi:error] [pid 484:tid 140555134244608] /usr/lib/python2.7/dist-packages/Crypto/Cipher/blockalgo.py:141: FutureWarning: CTR mode needs counter parameter, not IV
[Fri Oct 11 15:54:36.683222 2019] [wsgi:error] [pid 484:tid 140555134244608]   self._cipher = factory.new(key, *args, **kwargs)
[Fri Oct 11 15:54:37.468015 2019] [wsgi:error] [pid 484:tid 140555466888960] La carpeta /var/lib/jderobot/Academy-Farm/users/admin/ ya existe en la maquina f-l3209-pc10.kibotics.org
[Fri Oct 11 15:54:38.155905 2019] [wsgi:error] [pid 484:tid 140555466888960] La carpeta /var/lib/jderobot/Academy-Farm/users/admin/introduccion_python/ ya existe en la maquina f-l3209-pc10.kibotics.org
[Fri Oct 11 15:54:46.588303 2019] [wsgi:error] [pid 484:tid 140555466888960] 10.6356780529
[Fri Oct 11 15:55:26.478654 2019] [wsgi:error] [pid 484:tid 140555492067072] La carpeta /var/lib/jderobot/Academy-Farm/users/cawadall/ ya existe en la maquina f-l3209-pc10.kibotics.org
[Fri Oct 11 15:55:27.181427 2019] [wsgi:error] [pid 484:tid 140555492067072] La carpeta /var/lib/jderobot/Academy-Farm/users/cawadall/introduccion_python/ ya existe en la maquina f-l3209-pc10.kibotics.org
[Fri Oct 11 15:55:35.096443 2019] [wsgi:error] [pid 484:tid 140555492067072] 10.1851148605
[Fri Oct 11 15:56:52.098174 2019] [wsgi:error] [pid 484:tid 140555466888960] La carpeta /var/lib/jderobot/Academy-Farm/users/cawadall/ ya existe en la maquina f-l3209-pc10.kibotics.org
[Fri Oct 11 15:56:52.785798 2019] [wsgi:error] [pid 484:tid 140555466888960] La carpeta /var/lib/jderobot/Academy-Farm/users/cawadall/introduccion_python/ ya existe en la maquina f-l3209-pc10.kibotics.org
[Fri Oct 11 15:56:53.475769 2019] [wsgi:error] [pid 484:tid 140555466888960] [Errno 13] Permission denied
[Fri Oct 11 15:56:53.475832 2019] [wsgi:error] [pid 484:tid 140555466888960] Error ==> Se ha producido un error en la conexion via ssh con la maquina 212.128.255.74 para copiar los archivos de la practica
[NbConvertApp] Converting notebook /var/www/kibotics/jderobot_server/users/cawadall/introduccion_python/introduccion_python.ipynb to notebook
[NbConvertApp] Writing 25283 bytes to /var/www/kibotics/jderobot_server/users/cawadall/introduccion_python/introduccion_python.ipynb
[Fri Oct 11 16:01:26.835940 2019] [wsgi:error] [pid 484:tid 140555134244608] {'content': ContentFile(path="users/cawadall/introduccion_python/introduccion_python.ipynb"), 'commit': Commit(sha="1a184ef78aab6ab81e6ff06791151c3a686c05e8")}
[Fri Oct 11 16:01:26.835967 2019] [wsgi:error] [pid 484:tid 140555134244608] \x1b[94m Archivo /users/cawadall/introduccion_python/introduccion_python.ipynb actualizado en GitHub\x1b[0m
[Fri Oct 11 16:13:34.076286 2019] [mpm_event:notice] [pid 26641:tid 140555675871104] AH00493: SIGUSR1 received.  Doing graceful restart
[Fri Oct 11 16:13:34.180758 2019] [wsgi:warn] [pid 26641:tid 140555675871104] mod_wsgi: Compiled for Python/2.7.11.
[Fri Oct 11 16:13:34.180769 2019] [wsgi:warn] [pid 26641:tid 140555675871104] mod_wsgi: Runtime using Python/2.7.12.
[Fri Oct 11 16:13:34.181053 2019] [mpm_event:notice] [pid 26641:tid 140555675871104] AH00489: Apache/2.4.18 (Ubuntu) OpenSSL/1.0.2g mod_wsgi/4.3.0 Python/2.7.12 configured -- resuming normal operations
[Fri Oct 11 16:13:34.181063 2019] [core:notice] [pid 26641:tid 140555675871104] AH00094: Command line: '/usr/sbin/apache2'
[Fri Oct 11 16:13:47.327358 2019] [wsgi:error] [pid 2014:tid 140555424925440] /usr/local/lib/python2.7/dist-packages/django/db/backends/mysql/base.py:101: Warning: (1364L, u"Field 'main_server_ip' doesn't have a default value")
[Fri Oct 11 16:13:47.327377 2019] [wsgi:error] [pid 2014:tid 140555424925440]   return self.cursor.execute(query, args)
[Fri Oct 11 16:13:48.184928 2019] [wsgi:error] [pid 2014:tid 140555134244608] /usr/lib/python2.7/dist-packages/Crypto/Cipher/blockalgo.py:141: FutureWarning: CTR mode needs counter parameter, not IV
[Fri Oct 11 16:13:48.184947 2019] [wsgi:error] [pid 2014:tid 140555134244608]   self._cipher = factory.new(key, *args, **kwargs)
